// Vitest Snapshot v1, https://vitest.dev/guide/snapshot.html

exports[`Renders button component > Renders a button 1`] = `
<button class="pdap-button pdap-button-primary">
  <transition-group-stub appear="false" css="true" persisted="false">Button Content
    <!--v-if-->
    <!--v-if-->
  </transition-group-stub>
</button>
`;
