// Vitest Snapshot v1, https://vitest.dev/guide/snapshot.html

exports[`Header component > Renders a header 1`] = `
<header class="pdap-header">
  <!---->
  <div aria-controls="nav" aria-expanded="false" aria-label="open navigation menu" class="pdap-nav-open-button" role="button" tabindex="0">
    <transition-stub appear="false" css="true" persisted="true">
      <svg aria-hidden="true" class="svg-inline--fa fa-bars" data-icon="bars" data-prefix="fas" focusable="false" role="img" viewBox="0 0 448 512" xmlns="http://www.w3.org/2000/svg">
        <path class="" d="M0 96C0 78.3 14.3 64 32 64l384 0c17.7 0 32 14.3 32 32s-14.3 32-32 32L32 128C14.3 128 0 113.7 0 96zM0 256c0-17.7 14.3-32 32-32l384 0c17.7 0 32 14.3 32 32s-14.3 32-32 32L32 288c-17.7 0-32-14.3-32-32zM448 416c0 17.7-14.3 32-32 32L32 448c-17.7 0-32-14.3-32-32s14.3-32 32-32l384 0c17.7 0 32 14.3 32 32z" fill="currentColor" />
      </svg>
    </transition-stub>
  </div>
  <transition-stub appear="false" css="true" persisted="true">
    <nav aria-hidden="true" class="pdap-nav" id="nav" style="display: none;">
      <li class="pdap-nav-link-container">
        <!--v-if-->
        <!---->
      </li>
      <li class="pdap-nav-link-container">
        <!--v-if-->
        <!---->
      </li>
      <li class="pdap-nav-link-container">
        <!--v-if-->
        <!---->
      </li>
      <li class="pdap-nav-link-container">
        <a class="pdap-nav-link" href="https://www.google.com" referrerpolicy="no-referrer" target="_blank">Link</a>
        <!--v-if-->
      </li>
    </nav>
  </transition-stub>
</header>
`;
